// Jest Snapshot v1, https://goo.gl/fbAQLP

exports[`Should render LoginPage 1`] = `
<div>
  <h2>
    Login
  </h2>
  <button>
    Login
  </button>
</div>
`;
